c:\users\naver.ad011\documents\visual studio 2015\projects\opengl\opengl\debug\vc140.pdb
c:\users\naver.ad011\documents\visual studio 2015\projects\opengl\opengl\debug\vc140.idb
c:\users\naver.ad011\documents\visual studio 2015\projects\opengl\opengl\debug\human.obj
c:\users\naver.ad011\documents\visual studio 2015\projects\opengl\debug\opengl.pdb
c:\users\naver.ad011\documents\visual studio 2015\projects\opengl\opengl\debug\opengl.tlog\cl.command.1.tlog
c:\users\naver.ad011\documents\visual studio 2015\projects\opengl\opengl\debug\opengl.tlog\cl.read.1.tlog
c:\users\naver.ad011\documents\visual studio 2015\projects\opengl\opengl\debug\opengl.tlog\cl.write.1.tlog
c:\users\naver.ad011\documents\visual studio 2015\projects\opengl\opengl\debug\opengl.tlog\link-cvtres.read.1.tlog
c:\users\naver.ad011\documents\visual studio 2015\projects\opengl\opengl\debug\opengl.tlog\link-cvtres.write.1.tlog
c:\users\naver.ad011\documents\visual studio 2015\projects\opengl\opengl\debug\opengl.tlog\link-rc.read.1.tlog
c:\users\naver.ad011\documents\visual studio 2015\projects\opengl\opengl\debug\opengl.tlog\link-rc.write.1.tlog
c:\users\naver.ad011\documents\visual studio 2015\projects\opengl\opengl\debug\opengl.tlog\link.11960-cvtres.read.1.tlog
c:\users\naver.ad011\documents\visual studio 2015\projects\opengl\opengl\debug\opengl.tlog\link.11960-cvtres.write.1.tlog
c:\users\naver.ad011\documents\visual studio 2015\projects\opengl\opengl\debug\opengl.tlog\link.11960-rc.read.1.tlog
c:\users\naver.ad011\documents\visual studio 2015\projects\opengl\opengl\debug\opengl.tlog\link.11960-rc.write.1.tlog
c:\users\naver.ad011\documents\visual studio 2015\projects\opengl\opengl\debug\opengl.tlog\link.11960.read.1.tlog
c:\users\naver.ad011\documents\visual studio 2015\projects\opengl\opengl\debug\opengl.tlog\link.11960.write.1.tlog
c:\users\naver.ad011\documents\visual studio 2015\projects\opengl\opengl\debug\opengl.tlog\link.command.1.tlog
c:\users\naver.ad011\documents\visual studio 2015\projects\opengl\opengl\debug\opengl.tlog\link.read.1.tlog
c:\users\naver.ad011\documents\visual studio 2015\projects\opengl\opengl\debug\opengl.tlog\link.write.1.tlog
