빌드 시작: 2015-06-19 오후 6:31:58
     1>2 노드의 "C:\Users\sado\documents\visual studio 2010\Projects\graphics\graphics\graphics.vcxproj" 프로젝트(build 대상)입니다.
     1>InitializeBuildStatus:
         "AlwaysCreate"이(가) 지정되었기 때문에 "Debug\graphics.unsuccessfulbuild"을(를) 만들고 있습니다.
       ClCompile:
         C:\Program Files (x86)\Microsoft Visual Studio 10.0\VC\bin\CL.exe /c /ZI /nologo /W2 /WX- /Od /Oy- /D WIN32 /D _DEBUG /D _CONSOLE /D _MBCS /Gm /EHsc /RTC1 /MDd /GS /fp:precise /Zc:wchar_t /Zc:forScope /Fo"Debug\\" /Fd"Debug\vc100.pdb" /Gd /TP /analyze- /errorReport:prompt graphic.cpp
         graphic.cpp
       ManifestResourceCompile:
         모든 출력이 최신 상태입니다.
       Link:
         C:\Program Files (x86)\Microsoft Visual Studio 10.0\VC\bin\link.exe /ERRORREPORT:PROMPT /OUT:"C:\Users\sado\documents\visual studio 2010\Projects\graphics\Debug\graphics.exe" /INCREMENTAL /NOLOGO kernel32.lib user32.lib gdi32.lib winspool.lib comdlg32.lib advapi32.lib shell32.lib ole32.lib oleaut32.lib uuid.lib odbc32.lib odbccp32.lib kernel32.lib user32.lib gdi32.lib winspool.lib comdlg32.lib advapi32.lib shell32.lib ole32.lib oleaut32.lib uuid.lib odbc32.lib odbccp32.lib /MANIFEST /ManifestFile:"Debug\graphics.exe.intermediate.manifest" /MANIFESTUAC:"level='asInvoker' uiAccess='false'" /DEBUG /PDB:"C:\Users\sado\documents\visual studio 2010\Projects\graphics\Debug\graphics.pdb" /SUBSYSTEM:CONSOLE /TLBID:1 /DYNAMICBASE /NXCOMPAT /IMPLIB:"C:\Users\sado\documents\visual studio 2010\Projects\graphics\Debug\graphics.lib" /MACHINE:X86 Debug\graphics.exe.embed.manifest.res
         Debug\graphic.obj
       Manifest:
         C:\Program Files (x86)\Microsoft SDKs\Windows\v7.0A\bin\mt.exe /nologo /verbose /out:"Debug\graphics.exe.embed.manifest" /manifest Debug\graphics.exe.intermediate.manifest
         모든 출력이 최신 상태입니다.
       LinkEmbedManifest:
         모든 출력이 최신 상태입니다.
         graphics.vcxproj -> C:\Users\sado\documents\visual studio 2010\Projects\graphics\Debug\graphics.exe
       FinalizeBuildStatus:
         "Debug\graphics.unsuccessfulbuild" 파일을 삭제하고 있습니다.
         "Debug\graphics.lastbuildstate"에 연결(touching)하고 있습니다.
     1>"C:\Users\sado\documents\visual studio 2010\Projects\graphics\graphics\graphics.vcxproj" 프로젝트를 빌드했습니다(build 대상).

빌드했습니다.

경과 시간: 00:00:04.73
