  Human.cpp
c:\users\naver.ad011\desktop\3d vitualhuman\opengl\opengl\human.cpp(108): warning C4996: 'fopen': This function or variable may be unsafe. Consider using fopen_s instead. To disable deprecation, use _CRT_SECURE_NO_WARNINGS. See online help for details.
  c:\program files (x86)\windows kits\10\include\10.0.10240.0\ucrt\stdio.h(205): note: 'fopen' 선언을 참조하십시오.
c:\users\naver.ad011\desktop\3d vitualhuman\opengl\opengl\human.cpp(577): warning C4838: 'double'에서 'GLfloat'(으)로의 변환에는 축소 변환이 필요합니다.
c:\users\naver.ad011\desktop\3d vitualhuman\opengl\opengl\human.cpp(578): warning C4838: 'double'에서 'GLfloat'(으)로의 변환에는 축소 변환이 필요합니다.
c:\users\naver.ad011\desktop\3d vitualhuman\opengl\opengl\human.cpp(579): warning C4838: 'double'에서 'GLfloat'(으)로의 변환에는 축소 변환이 필요합니다.
c:\users\naver.ad011\desktop\3d vitualhuman\opengl\opengl\human.cpp(580): warning C4838: 'double'에서 'GLfloat'(으)로의 변환에는 축소 변환이 필요합니다.
c:\users\naver.ad011\desktop\3d vitualhuman\opengl\opengl\human.cpp(581): warning C4838: 'double'에서 'GLfloat'(으)로의 변환에는 축소 변환이 필요합니다.
c:\users\naver.ad011\desktop\3d vitualhuman\opengl\opengl\human.cpp(583): warning C4838: 'double'에서 'GLfloat'(으)로의 변환에는 축소 변환이 필요합니다.
c:\users\naver.ad011\desktop\3d vitualhuman\opengl\opengl\human.cpp(584): warning C4838: 'double'에서 'GLfloat'(으)로의 변환에는 축소 변환이 필요합니다.
c:\users\naver.ad011\desktop\3d vitualhuman\opengl\opengl\human.cpp(599): warning C4838: 'double'에서 'GLfloat'(으)로의 변환에는 축소 변환이 필요합니다.
c:\users\naver.ad011\desktop\3d vitualhuman\opengl\opengl\human.cpp(604): warning C4838: 'double'에서 'GLfloat'(으)로의 변환에는 축소 변환이 필요합니다.
c:\users\naver.ad011\desktop\3d vitualhuman\opengl\opengl\human.cpp(605): warning C4838: 'double'에서 'GLfloat'(으)로의 변환에는 축소 변환이 필요합니다.
c:\users\naver.ad011\desktop\3d vitualhuman\opengl\opengl\human.cpp(607): warning C4838: 'double'에서 'GLfloat'(으)로의 변환에는 축소 변환이 필요합니다.
c:\users\naver.ad011\desktop\3d vitualhuman\opengl\opengl\human.cpp(608): warning C4838: 'double'에서 'GLfloat'(으)로의 변환에는 축소 변환이 필요합니다.
c:\users\naver.ad011\desktop\3d vitualhuman\opengl\opengl\human.cpp(610): warning C4838: 'double'에서 'GLfloat'(으)로의 변환에는 축소 변환이 필요합니다.
c:\users\naver.ad011\desktop\3d vitualhuman\opengl\opengl\human.cpp(612): warning C4838: 'double'에서 'GLfloat'(으)로의 변환에는 축소 변환이 필요합니다.
c:\users\naver.ad011\desktop\3d vitualhuman\opengl\opengl\human.cpp(613): warning C4838: 'double'에서 'GLfloat'(으)로의 변환에는 축소 변환이 필요합니다.
c:\users\naver.ad011\desktop\3d vitualhuman\opengl\opengl\human.cpp(614): warning C4838: 'double'에서 'GLfloat'(으)로의 변환에는 축소 변환이 필요합니다.
c:\users\naver.ad011\desktop\3d vitualhuman\opengl\opengl\human.cpp(617): warning C4838: 'double'에서 'GLfloat'(으)로의 변환에는 축소 변환이 필요합니다.
c:\users\naver.ad011\desktop\3d vitualhuman\opengl\opengl\human.cpp(618): warning C4838: 'double'에서 'GLfloat'(으)로의 변환에는 축소 변환이 필요합니다.
c:\users\naver.ad011\desktop\3d vitualhuman\opengl\opengl\human.cpp(620): warning C4838: 'double'에서 'GLfloat'(으)로의 변환에는 축소 변환이 필요합니다.
c:\users\naver.ad011\desktop\3d vitualhuman\opengl\opengl\human.cpp(621): warning C4838: 'double'에서 'GLfloat'(으)로의 변환에는 축소 변환이 필요합니다.
c:\users\naver.ad011\desktop\3d vitualhuman\opengl\opengl\human.cpp(622): warning C4838: 'double'에서 'GLfloat'(으)로의 변환에는 축소 변환이 필요합니다.
c:\users\naver.ad011\desktop\3d vitualhuman\opengl\opengl\human.cpp(652): warning C4838: 'double'에서 'GLfloat'(으)로의 변환에는 축소 변환이 필요합니다.
c:\users\naver.ad011\desktop\3d vitualhuman\opengl\opengl\human.cpp(653): warning C4838: 'double'에서 'GLfloat'(으)로의 변환에는 축소 변환이 필요합니다.
c:\users\naver.ad011\desktop\3d vitualhuman\opengl\opengl\human.cpp(666): warning C4838: 'double'에서 'GLfloat'(으)로의 변환에는 축소 변환이 필요합니다.
c:\users\naver.ad011\desktop\3d vitualhuman\opengl\opengl\human.cpp(667): warning C4838: 'double'에서 'GLfloat'(으)로의 변환에는 축소 변환이 필요합니다.
c:\users\naver.ad011\desktop\3d vitualhuman\opengl\opengl\human.cpp(669): warning C4838: 'double'에서 'GLfloat'(으)로의 변환에는 축소 변환이 필요합니다.
c:\users\naver.ad011\desktop\3d vitualhuman\opengl\opengl\human.cpp(670): warning C4838: 'double'에서 'GLfloat'(으)로의 변환에는 축소 변환이 필요합니다.
c:\users\naver.ad011\desktop\3d vitualhuman\opengl\opengl\human.cpp(671): warning C4838: 'double'에서 'GLfloat'(으)로의 변환에는 축소 변환이 필요합니다.
c:\users\naver.ad011\desktop\3d vitualhuman\opengl\opengl\human.cpp(681): warning C4838: 'double'에서 'GLfloat'(으)로의 변환에는 축소 변환이 필요합니다.
c:\users\naver.ad011\desktop\3d vitualhuman\opengl\opengl\human.cpp(682): warning C4838: 'double'에서 'GLfloat'(으)로의 변환에는 축소 변환이 필요합니다.
c:\users\naver.ad011\desktop\3d vitualhuman\opengl\opengl\human.cpp(684): warning C4838: 'double'에서 'GLfloat'(으)로의 변환에는 축소 변환이 필요합니다.
c:\users\naver.ad011\desktop\3d vitualhuman\opengl\opengl\human.cpp(685): warning C4838: 'double'에서 'GLfloat'(으)로의 변환에는 축소 변환이 필요합니다.
c:\users\naver.ad011\desktop\3d vitualhuman\opengl\opengl\human.cpp(686): warning C4838: 'double'에서 'GLfloat'(으)로의 변환에는 축소 변환이 필요합니다.
c:\users\naver.ad011\desktop\3d vitualhuman\opengl\opengl\human.cpp(696): warning C4838: 'double'에서 'GLfloat'(으)로의 변환에는 축소 변환이 필요합니다.
c:\users\naver.ad011\desktop\3d vitualhuman\opengl\opengl\human.cpp(698): warning C4838: 'double'에서 'GLfloat'(으)로의 변환에는 축소 변환이 필요합니다.
c:\users\naver.ad011\desktop\3d vitualhuman\opengl\opengl\human.cpp(699): warning C4838: 'double'에서 'GLfloat'(으)로의 변환에는 축소 변환이 필요합니다.
c:\users\naver.ad011\desktop\3d vitualhuman\opengl\opengl\human.cpp(700): warning C4838: 'double'에서 'GLfloat'(으)로의 변환에는 축소 변환이 필요합니다.
c:\users\naver.ad011\desktop\3d vitualhuman\opengl\opengl\human.cpp(701): warning C4838: 'double'에서 'GLfloat'(으)로의 변환에는 축소 변환이 필요합니다.
c:\users\naver.ad011\desktop\3d vitualhuman\opengl\opengl\human.cpp(702): warning C4838: 'double'에서 'GLfloat'(으)로의 변환에는 축소 변환이 필요합니다.
c:\users\naver.ad011\desktop\3d vitualhuman\opengl\opengl\human.cpp(703): warning C4838: 'double'에서 'GLfloat'(으)로의 변환에는 축소 변환이 필요합니다.
c:\users\naver.ad011\desktop\3d vitualhuman\opengl\opengl\human.cpp(704): warning C4838: 'double'에서 'GLfloat'(으)로의 변환에는 축소 변환이 필요합니다.
c:\users\naver.ad011\desktop\3d vitualhuman\opengl\opengl\human.cpp(705): warning C4838: 'double'에서 'GLfloat'(으)로의 변환에는 축소 변환이 필요합니다.
c:\users\naver.ad011\desktop\3d vitualhuman\opengl\opengl\human.cpp(706): warning C4838: 'double'에서 'GLfloat'(으)로의 변환에는 축소 변환이 필요합니다.
c:\users\naver.ad011\desktop\3d vitualhuman\opengl\opengl\human.cpp(707): warning C4838: 'double'에서 'GLfloat'(으)로의 변환에는 축소 변환이 필요합니다.
c:\users\naver.ad011\desktop\3d vitualhuman\opengl\opengl\human.cpp(708): warning C4838: 'double'에서 'GLfloat'(으)로의 변환에는 축소 변환이 필요합니다.
c:\users\naver.ad011\desktop\3d vitualhuman\opengl\opengl\human.cpp(709): warning C4838: 'double'에서 'GLfloat'(으)로의 변환에는 축소 변환이 필요합니다.
c:\users\naver.ad011\desktop\3d vitualhuman\opengl\opengl\human.cpp(710): warning C4838: 'double'에서 'GLfloat'(으)로의 변환에는 축소 변환이 필요합니다.
c:\users\naver.ad011\desktop\3d vitualhuman\opengl\opengl\human.cpp(711): warning C4838: 'double'에서 'GLfloat'(으)로의 변환에는 축소 변환이 필요합니다.
c:\users\naver.ad011\desktop\3d vitualhuman\opengl\opengl\human.cpp(734): warning C4838: 'double'에서 'GLfloat'(으)로의 변환에는 축소 변환이 필요합니다.
c:\users\naver.ad011\desktop\3d vitualhuman\opengl\opengl\human.cpp(735): warning C4838: 'double'에서 'GLfloat'(으)로의 변환에는 축소 변환이 필요합니다.
c:\users\naver.ad011\desktop\3d vitualhuman\opengl\opengl\human.cpp(737): warning C4838: 'double'에서 'GLfloat'(으)로의 변환에는 축소 변환이 필요합니다.
c:\users\naver.ad011\desktop\3d vitualhuman\opengl\opengl\human.cpp(738): warning C4838: 'double'에서 'GLfloat'(으)로의 변환에는 축소 변환이 필요합니다.
c:\users\naver.ad011\desktop\3d vitualhuman\opengl\opengl\human.cpp(740): warning C4838: 'double'에서 'GLfloat'(으)로의 변환에는 축소 변환이 필요합니다.
c:\users\naver.ad011\desktop\3d vitualhuman\opengl\opengl\human.cpp(741): warning C4838: 'double'에서 'GLfloat'(으)로의 변환에는 축소 변환이 필요합니다.
c:\users\naver.ad011\desktop\3d vitualhuman\opengl\opengl\human.cpp(742): warning C4838: 'double'에서 'GLfloat'(으)로의 변환에는 축소 변환이 필요합니다.
c:\users\naver.ad011\desktop\3d vitualhuman\opengl\opengl\human.cpp(744): warning C4838: 'double'에서 'GLfloat'(으)로의 변환에는 축소 변환이 필요합니다.
c:\users\naver.ad011\desktop\3d vitualhuman\opengl\opengl\human.cpp(760): warning C4838: 'double'에서 'GLfloat'(으)로의 변환에는 축소 변환이 필요합니다.
c:\users\naver.ad011\desktop\3d vitualhuman\opengl\opengl\human.cpp(761): warning C4838: 'double'에서 'GLfloat'(으)로의 변환에는 축소 변환이 필요합니다.
c:\users\naver.ad011\desktop\3d vitualhuman\opengl\opengl\human.cpp(763): warning C4838: 'double'에서 'GLfloat'(으)로의 변환에는 축소 변환이 필요합니다.
c:\users\naver.ad011\desktop\3d vitualhuman\opengl\opengl\human.cpp(764): warning C4838: 'double'에서 'GLfloat'(으)로의 변환에는 축소 변환이 필요합니다.
c:\users\naver.ad011\desktop\3d vitualhuman\opengl\opengl\human.cpp(766): warning C4838: 'double'에서 'GLfloat'(으)로의 변환에는 축소 변환이 필요합니다.
c:\users\naver.ad011\desktop\3d vitualhuman\opengl\opengl\human.cpp(767): warning C4838: 'double'에서 'GLfloat'(으)로의 변환에는 축소 변환이 필요합니다.
c:\users\naver.ad011\desktop\3d vitualhuman\opengl\opengl\human.cpp(768): warning C4838: 'double'에서 'GLfloat'(으)로의 변환에는 축소 변환이 필요합니다.
c:\users\naver.ad011\desktop\3d vitualhuman\opengl\opengl\human.cpp(770): warning C4838: 'double'에서 'GLfloat'(으)로의 변환에는 축소 변환이 필요합니다.
c:\users\naver.ad011\desktop\3d vitualhuman\opengl\opengl\human.cpp(793): warning C4838: 'double'에서 'GLfloat'(으)로의 변환에는 축소 변환이 필요합니다.
c:\users\naver.ad011\desktop\3d vitualhuman\opengl\opengl\human.cpp(813): warning C4838: 'double'에서 'GLfloat'(으)로의 변환에는 축소 변환이 필요합니다.
c:\users\naver.ad011\desktop\3d vitualhuman\opengl\opengl\human.cpp(814): warning C4838: 'double'에서 'GLfloat'(으)로의 변환에는 축소 변환이 필요합니다.
c:\users\naver.ad011\desktop\3d vitualhuman\opengl\opengl\human.cpp(815): warning C4838: 'double'에서 'GLfloat'(으)로의 변환에는 축소 변환이 필요합니다.
c:\users\naver.ad011\desktop\3d vitualhuman\opengl\opengl\human.cpp(817): warning C4838: 'double'에서 'GLfloat'(으)로의 변환에는 축소 변환이 필요합니다.
c:\users\naver.ad011\desktop\3d vitualhuman\opengl\opengl\human.cpp(818): warning C4838: 'double'에서 'GLfloat'(으)로의 변환에는 축소 변환이 필요합니다.
c:\users\naver.ad011\desktop\3d vitualhuman\opengl\opengl\human.cpp(819): warning C4838: 'double'에서 'GLfloat'(으)로의 변환에는 축소 변환이 필요합니다.
c:\users\naver.ad011\desktop\3d vitualhuman\opengl\opengl\human.cpp(820): warning C4838: 'double'에서 'GLfloat'(으)로의 변환에는 축소 변환이 필요합니다.
c:\users\naver.ad011\desktop\3d vitualhuman\opengl\opengl\human.cpp(821): warning C4838: 'double'에서 'GLfloat'(으)로의 변환에는 축소 변환이 필요합니다.
c:\users\naver.ad011\desktop\3d vitualhuman\opengl\opengl\human.cpp(822): warning C4838: 'double'에서 'GLfloat'(으)로의 변환에는 축소 변환이 필요합니다.
c:\users\naver.ad011\desktop\3d vitualhuman\opengl\opengl\human.cpp(823): warning C4838: 'double'에서 'GLfloat'(으)로의 변환에는 축소 변환이 필요합니다.
c:\users\naver.ad011\desktop\3d vitualhuman\opengl\opengl\human.cpp(825): warning C4838: 'double'에서 'GLfloat'(으)로의 변환에는 축소 변환이 필요합니다.
c:\users\naver.ad011\desktop\3d vitualhuman\opengl\opengl\human.cpp(971): warning C4838: 'double'에서 'GLfloat'(으)로의 변환에는 축소 변환이 필요합니다.
c:\users\naver.ad011\desktop\3d vitualhuman\opengl\opengl\human.cpp(973): warning C4838: 'double'에서 'GLfloat'(으)로의 변환에는 축소 변환이 필요합니다.
c:\users\naver.ad011\desktop\3d vitualhuman\opengl\opengl\human.cpp(976): warning C4838: 'double'에서 'GLfloat'(으)로의 변환에는 축소 변환이 필요합니다.
c:\users\naver.ad011\desktop\3d vitualhuman\opengl\opengl\human.cpp(977): warning C4838: 'double'에서 'GLfloat'(으)로의 변환에는 축소 변환이 필요합니다.
  OpenGL.vcxproj -> C:\Users\Naver.AD011\Desktop\3D VitualHuman\OpenGL\Debug\OpenGL.exe
